// Jest Snapshot v1, https://goo.gl/fbAQLP

exports[`[Atom] Button Component matches snapshot 1`] = `
<DocumentFragment>
  <button
    class="button"
  >
    Click Me
  </button>
</DocumentFragment>
`;
